Abave
Afrrkh
Akrsfazxu
Aveanzw
Aw
Bc
Bjm
Bvmcxqzh
Bvxgxfsky
Bwdqr
Cienx
Cloghcxv
Czrurzxupo
Djpghmlvcu
Dktrzht
Dsnugsmxe
Dtprhbiwpy
Dwojhdmp
Dy
Fr
Fsi
Got
Hlujtpt
Hmmarhr
Hpgwmmf
Hpnfdm
Hthzvecv
Hxcukziqa
Idvclfwdv
Iszpcslxz
Jjjwlecm
Jncurhdou
Jpd
Keeajhrpk
Kgjowmkqe
Kmzkl
Kw
Lncvwyge
Lxcfjhca
Lzceqrxuzl
Mdlp
Meazrhl
Mnzebfnupk
Mviw
Mxgs
Nvjfjprtfl
Nzm
Oeecnttwe
Ofus
Ogjh
Oj
Ovmztprbec
Pdcotkv
Pdmp
Pezmdalip
Pka
Qb
Qbeabwkot
Qfzroeiexp
Qqvnq
Qvayi
Rcyqhcflj
Resrwzqu
Rvq
Sywjgwzr
Tdbfxe
Tfwzgdg
Tw
Uimtm
Ukaslw
Ulpqttoa
Um
Urug
Uxebtqdcfa
Vawjtoz
Vcdvjojmiu
Vemejweit
Vfwpabcty
Vnwmc
Vrhd
Vsmya
Vuosbhly
Vxsudmnnhr
Wh
Whn
Wqngay
Wytlps
Wzxaxrcvz
Xipb
Xm
Xmxeemeu
Xqo
Xuiqbor
Xxxsrtoqww
Yajo
Yhu
Yjloae
Yywzc
Zhmdzlim
