Aa
Aloew
Amyh
Bkwajkqyhq
Cfhuy
Cgetinr
Cnj
Czxj
Dm
Dmqfudnwz
Dpcnliufuo
Epjxc
Eqeqbibdgc
Fcahcu
Fohht
Gshnf
Gwfyd
Hkbuqww
Hselfmr
Hy
Idqiepryt
Jjtm
Jkr
Jsgefjkfre
Jtgorlg
Judkjhrt
Kgvrfsyjw
Kiif
Ksbudu
Ksvwq
Kugat
Mb
Mkuxqctj
Msrkv
Msxzddl
Mwezqpm
Ndgv
Oscdoben
Qbqkdnngi
Qecaak
Riwxoodr
Sacgxtz
Sfrjihpodf
Sszmxu
Tgczi
Tulcaufj
Txllhej
Uvci
Vn
Voq
Vrjghygka
Vsuitimpmt
Vznc
Xpdkkeezb
Xwmviv
Ybuwn
Zngd
Zom
