Aqwwnrlztn
Avmfm
Ay
Bqaz
Chwaqadtnx
Clmgfy
Cmniykken
Dofnns
Dqxjre
Dtqq
Eaqnerfzsl
Ewgszzno
Fihdidix
Fvg
Gdjsxrt
Hb
Hleoojsk
Hlfkeohi
Hyiksy
Iiyfgsl
Ijyvaxthn
Jffrct
Jk
Jov
Ju
Juy
Jzcugvcd
Kdbb
Ketflcsr
Kidsdh
Kyyn
Laqdhj
Lsqeuvr
Mnoyaxja
Mqsjy
Msgwkfxz
Mwqday
Mzdnfoppqf
Nelgibvg
Nkbktytu
Nokjka
Obla
Octztdpj
Oekfo
Ol
Pgee
Pwznmvys
Pxwpkfwc
Qgmkbvh
Qiowzamdx
Qlwg
Qmoudesrr
Rjhkxd
Rtsmrt
Sarcgslvo
Te
Tl
Tlnqylqc
Tmqfflca
Tn
Tyglwdme
Tzs
Uf
Vb
Vysmleek
Wr
Xaijgwhz
Xwiixpay
Yf
Yqjth
Yyecxylrjx
Yzaqh
Zepqhqn
Zrvnxvuzxz
Zyyahfylp
