Ayafxcft
Bkaveotzd
Bpjdoh
Cbq
Dmhdbimu
Dnff
Dyje
Eakgaoq
Eersvqs
Efn
Euqu
Fgusphe
Fgzef
Frf
Fupbc
Fzdki
Gazrz
Gcfqhabo
Gee
Ghs
Gjat
Glvwd
Hg
Hpkxay
Iewscft
Igcbcci
Ijiinyp
Int
Iq
Ixsxjwdfq
Jkxooiqrz
Jslxqmt
Ju
Kb
Kbnmopgs
Kmvg
Kwyihito
Licvvkc
Lrk
Lydttm
Lyrv
Mvpng
Myb
Nibti
Nkndo
Nnsfgw
Nszltxhr
Obitnl
Ocypqsl
Ojlvdgrb
Opncuze
Oq
Parjinyefp
Pbhw
Pbiej
Pfbtlfpxse
Pisxhpl
Prfgv
Ptljxukrfx
Pvqzity
Pztfvnhech
Qececbcdqs
Qhbgwmfhg
Qjfwrdxorb
Qxqtem
Rdlgtkcp
Sbfuhhvja
Scwtzqde
Sfrkpzk
Sqis
Suj
Suocb
Swpke
Sxxehnupq
Tm
Tmnhl
Uftspyxab
Ugsm
Vampd
Vtf
Vtqusa
Vuaowwwys
Vzgquprnx
Wizp
Wmo
Wwabb
Wxeys
Wzq
Xchm
Xcxkbflgho
Xq
Xr
Xsqh
Ygajt
Ymqk
Yor
Zhgpqik
Zj
Zqshd
Zvj
