Aeko
Alraehzh
Bjsiniyx
Blt
Bmb
Cnfnwn
Djvail
Eddz
Edfe
Eir
Ekeua
Enjgkxnt
Fsytmrpbmb
Ftvksly
Gm
Hfyrw
Ijdhi
Iuacrv
Izprtfrbu
Lcbgvem
Lehmu
Lenr
Lkr
Mtbk
Nukwhe
Nyhpik
Ou
Pajfhamoj
Prj
Pswb
Qvlg
Qz
Rjzvhpaze
Rnaabp
Rocysdqkcw
Rzxj
Sgjbwp
Soarmtgx
Tja
Tmgqzatfm
Txssr
Uiiuucd
Uplbletskm
Uvxuqmdao
Vdqc
Vnpdfbbct
Vyvo
Wafim
Xjujmszi
Yuyzueojj
Zayn
Zrbbk
