Alraehzh
Bkvzmrnym
Ca
Cf
Edfe
Eir
Ekeua
Ftvksly
Ginbbhqj
Hfyrw
Ijdhi
Izprtfrbu
Jv
Kxn
Lehmu
Lenr
Lkr
Mylb
Mz
Ndq
Nukwhe
Nymdmifnd
Ou
Pajfhamoj
Pdvws
Pmkadcadn
Present
Prj
Qm
Qqfiflgp
Qseaonsr
Qtwjuvg
Qylmmy
Rnaabp
Rocysdqkcw
Sgjbwp
Tja
Tpqa
Uiiuucd
Uu
Uvxuqmdao
Vyvo
Wdpydqca
Xkqlwd
Xrk
Ychr
Zayn
Zvmmauls
